void global()
	0: def a, 1
	1: def b, 0
	2: def c, 1
	3: def d, 2
	4: def e, 4
	5: return null
end

int main()
	0: call t0, global()
	1: def flag, 0
	2: mul t0, a, b
	3: div t1, t0, c
	4: add t2, e, d
	5: eq t3, t1, t2
	6: and t4, t3, 1
	7: if t4 goto [pc, 2]
	8: goto [pc, 7]
	9: add t5, a, b
	10: mul t6, a, t5
	11: add t7, t6, c
	12: add t8, d, e
	13: leq t9, t7, t8
	14: and t4, t3, t9
	15: or t10, t4, 0
	16: if t10 goto [pc, 7]
	17: mul t11, b, c
	18: sub t12, a, t11
	19: div t13, a, c
	20: sub t14, d, t13
	21: eq t15, t12, t14
	22: or t10, t4, t15
	23: if t10 goto [pc, 2]
	24: goto [pc, 3]
	25: mov flag, 1
	26: goto [pc, 1]
	27: return flag
end

GVT:
	a int 0
	b int 0
	c int 0
	d int 0
	e int 0
