void global()
	0: return null
end

int main()
	0: call t0, global()
	1: def a, 0
	2: def b, 0
	3: mov a, 0xf
	4: mov b, 0xc
	5: add t0, a, b
	6: addi t1, t0, 075
	7: return t1
end

GVT:
