void global()
	0: return null
end

int main()
	0: call t0, global()
	1: def a, 0
	2: def b, 0
	3: def c, 0
	4: def d, 0
	5: def result, 0
	6: mov a, 5
	7: mov b, 5
	8: mov c, 1
	9: def t0, 0
	10: subi t1, t0, 2
	11: mov d, t1
	12: mov result, 2
	13: def t2, 1
	14: mul t3, d, t2
	15: def t4, 2
	16: div t5, t3, t4
	17: lss t6, t5, 0
	18: or t7, t6, 0
	19: if t7 goto [pc, 14]
	20: sub t8, a, b
	21: def t9, 0
	22: neq t10, t8, t9
	23: and t11, t10, 1
	24: if t11 goto [pc, 2]
	25: goto [pc, 7]
	26: addi t12, c, 3
	27: def t13, 2
	28: mod t14, t12, t13
	29: def t15, 0
	30: neq t16, t14, t15
	31: and t11, t10, t16
	32: or t7, t6, t11
	33: if t7 goto [pc, 2]
	34: goto [pc, 3]
	35: call t17, putint(result)
	36: goto [pc, 1]
	37: def t18, 2
	38: mod t19, d, t18
	39: addi t20, t19, 67
	40: lss t21, t20, 0
	41: or t22, t21, 0
	42: if t22 goto [pc, 14]
	43: sub t23, a, b
	44: def t24, 0
	45: neq t25, t23, t24
	46: and t26, t25, 1
	47: if t26 goto [pc, 2]
	48: goto [pc, 7]
	49: addi t27, c, 2
	50: def t28, 2
	51: mod t29, t27, t28
	52: def t30, 0
	53: neq t31, t29, t30
	54: and t26, t25, t31
	55: or t22, t21, t26
	56: if t22 goto [pc, 2]
	57: goto [pc, 4]
	58: mov result, 4
	59: call t32, putint(result)
	60: goto [pc, 1]
	61: return 0
end

GVT:
