8218864 8218864 8218864 8218864 8218864 8218864 

0