void global()
	0: def a, 0
	1: def b, 0
	2: def c, 0
	3: def d, 0
	4: def e, 0
	5: return null
end

int main()
	0: call t0, global()
	1: mov a, 0
	2: mov b, 1
	3: mov c, 1
	4: mov d, 1
	5: mov e, 1
	6: def flag, 0
	7: mul t0, b, c
	8: sub t1, a, t0
	9: div t2, a, c
	10: sub t3, d, t2
	11: neq t4, t1, t3
	12: or t5, t4, 0
	13: if t5 goto [pc, 13]
	14: mul t6, a, b
	15: div t7, t6, c
	16: add t8, e, d
	17: eq t9, t7, t8
	18: or t10, t9, 0
	19: if t10 goto [pc, 6]
	20: add t11, a, b
	21: add t12, t11, c
	22: add t13, d, e
	23: eq t14, t12, t13
	24: or t10, t9, t14
	25: or t5, t4, t10
	26: if t5 goto [pc, 2]
	27: goto [pc, 3]
	28: mov flag, 1
	29: goto [pc, 1]
	30: return flag
end

GVT:
	a int 0
	b int 0
	c int 0
	d int 0
	e int 0
