void global()
	0: def n, 0
	1: return null
end

int bubblesort(int* arr)
	0: def i, 0
	1: def j, 0
	2: mov i, 0
	3: subi t0, n, 1
	4: lss t1, i, t0
	5: if t1 goto [pc, 2]
	6: goto [pc, 28]
	7: mov j, 0
	8: sub t2, n, i
	9: subi t3, t2, 1
	10: lss t4, j, t3
	11: if t4 goto [pc, 2]
	12: goto [pc, 19]
	13: load t5, arr, j
	14: addi t6, j, 1
	15: load t7, arr, t6
	16: gtr t8, t5, t7
	17: if t8 goto [pc, 2]
	18: goto [pc, 10]
	19: def tmp, 0
	20: addi t9, j, 1
	21: load t10, arr, t9
	22: mov tmp, t10
	23: addi t11, j, 1
	24: load t12, arr, j
	25: store t12, arr, t11
	26: store tmp, arr, j
	27: goto [pc, 1]
	28: addi t13, j, 1
	29: mov j, t13
	30: goto [pc, -22]
	31: addi t14, i, 1
	32: mov i, t14
	33: goto [pc, -30]
	34: return 0
end

int main()
	0: call t0, global()
	1: mov n, 10
	2: def t15, 1
	3: def t16, 10
	4: mul t17, t15, t16
	5: alloc a, t17
	6: store 0, a, 0
	7: store 0, a, 1
	8: store 0, a, 2
	9: store 0, a, 3
	10: store 0, a, 4
	11: store 0, a, 5
	12: store 0, a, 6
	13: store 0, a, 7
	14: store 0, a, 8
	15: store 0, a, 9
	16: def t28, 0
	17: store 4, a, t28
	18: def t29, 1
	19: store 3, a, t29
	20: def t30, 2
	21: store 9, a, t30
	22: def t31, 3
	23: store 2, a, t31
	24: def t32, 4
	25: store 0, a, t32
	26: def t33, 5
	27: store 1, a, t33
	28: def t34, 6
	29: store 6, a, t34
	30: def t35, 7
	31: store 5, a, t35
	32: def t36, 8
	33: store 7, a, t36
	34: def t37, 9
	35: store 8, a, t37
	36: def i, 0
	37: call t38, bubblesort(a)
	38: mov i, t38
	39: lss t39, i, n
	40: if t39 goto [pc, 2]
	41: goto [pc, 10]
	42: def tmp, 0
	43: load t40, a, i
	44: mov tmp, t40
	45: call t41, putint(tmp)
	46: mov tmp, 10
	47: call t42, putch(tmp)
	48: addi t43, i, 1
	49: mov i, t43
	50: goto [pc, -11]
	51: return 0
end

GVT:
	n int 0
