void global()
	0: return null
end

int main()
	0: call t0, global()
	1: return 3
end

GVT:
