void global()
	0: def t0, 1
	1: def t1, 10
	2: mul t2, t0, t1
	3: def t3, 10
	4: mul t4, t2, t3
	5: alloc a, t4
	6: store 0, a, 0
	7: store 0, a, 1
	8: store 0, a, 2
	9: store 0, a, 3
	10: store 0, a, 4
	11: store 0, a, 5
	12: store 0, a, 6
	13: store 0, a, 7
	14: store 0, a, 8
	15: store 0, a, 9
	16: store 0, a, 10
	17: store 0, a, 11
	18: store 0, a, 12
	19: store 0, a, 13
	20: store 0, a, 14
	21: store 0, a, 15
	22: store 0, a, 16
	23: store 0, a, 17
	24: store 0, a, 18
	25: store 0, a, 19
	26: store 0, a, 20
	27: store 0, a, 21
	28: store 0, a, 22
	29: store 0, a, 23
	30: store 0, a, 24
	31: store 0, a, 25
	32: store 0, a, 26
	33: store 0, a, 27
	34: store 0, a, 28
	35: store 0, a, 29
	36: store 0, a, 30
	37: store 0, a, 31
	38: store 0, a, 32
	39: store 0, a, 33
	40: store 0, a, 34
	41: store 0, a, 35
	42: store 0, a, 36
	43: store 0, a, 37
	44: store 0, a, 38
	45: store 0, a, 39
	46: store 0, a, 40
	47: store 0, a, 41
	48: store 0, a, 42
	49: store 0, a, 43
	50: store 0, a, 44
	51: store 0, a, 45
	52: store 0, a, 46
	53: store 0, a, 47
	54: store 0, a, 48
	55: store 0, a, 49
	56: store 0, a, 50
	57: store 0, a, 51
	58: store 0, a, 52
	59: store 0, a, 53
	60: store 0, a, 54
	61: store 0, a, 55
	62: store 0, a, 56
	63: store 0, a, 57
	64: store 0, a, 58
	65: store 0, a, 59
	66: store 0, a, 60
	67: store 0, a, 61
	68: store 0, a, 62
	69: store 0, a, 63
	70: store 0, a, 64
	71: store 0, a, 65
	72: store 0, a, 66
	73: store 0, a, 67
	74: store 0, a, 68
	75: store 0, a, 69
	76: store 0, a, 70
	77: store 0, a, 71
	78: store 0, a, 72
	79: store 0, a, 73
	80: store 0, a, 74
	81: store 0, a, 75
	82: store 0, a, 76
	83: store 0, a, 77
	84: store 0, a, 78
	85: store 0, a, 79
	86: store 0, a, 80
	87: store 0, a, 81
	88: store 0, a, 82
	89: store 0, a, 83
	90: store 0, a, 84
	91: store 0, a, 85
	92: store 0, a, 86
	93: store 0, a, 87
	94: store 0, a, 88
	95: store 0, a, 89
	96: store 0, a, 90
	97: store 0, a, 91
	98: store 0, a, 92
	99: store 0, a, 93
	100: store 0, a, 94
	101: store 0, a, 95
	102: store 0, a, 96
	103: store 0, a, 97
	104: store 0, a, 98
	105: store 0, a, 99
	106: return null
end

int main()
	0: call t0, global()
	1: return 0
end

GVT:
	a int* 100
	t1 int 0
	t3 int 0
