void global()
	0: return null
end

int main()
	0: call t0, global()
	1: def a, 10
	2: def b, 5
	3: return b
end

GVT:
