void global()
	0: return null
end

int main()
	0: call t0, global()
	1: def a, 0
	2: def b, 0
	3: mov a, 10
	4: mov b, 5
	5: mul t0, a, b
	6: return t0
end

GVT:
