void global()
	0: def a, 10
	1: return null
end

int main()
	0: call t0, global()
	1: def t0, 5
	2: div t1, a, t0
	3: return t1
end

GVT:
	a int 0
