void global()
	0: return null
end

int main()
	0: call t0, global()
	1: def a, 0
	2: mov a, 10
	3: def t0, 3
	4: mod t1, a, t0
	5: return t1
end

GVT:
