void global()
	0: return null
end

int main()
	0: call t0, global()
	1: def a, 0
	2: def b, 0
	3: mov a, 10
	4: mov b, 30
	5: def t0, 0
	6: subi t1, t0, 5
	7: sub t2, a, t1
	8: add t3, t2, b
	9: def t4, 0
	10: subi t5, t4, 5
	11: add t6, t3, t5
	12: return t6
end

GVT:
