void global()
	0: return null
end

int main()
	0: call t0, global()
	1: def a, 10
	2: def t0, 2
	3: mul t1, a, t0
	4: addi t2, t1, 1
	5: return t2
end

GVT:
