void global()
	0: def a, 3
	1: def b, 5
	2: return null
end

int main()
	0: call t0, global()
	1: def a_0, 5
	2: add t0, a_0, b
	3: return t0
end

GVT:
	a int 0
	b int 0
