void global()
	0: def a, 10
	1: def b, 5
	2: return null
end

int main()
	0: call t0, global()
	1: return b
end

GVT:
	a int 0
	b int 0
