void global()
	0: return null
end

int main()
	0: call t0, global()
	1: def a, 0
	2: def b, 0
	3: mov a, 0
	4: addi t0, a, 1
	5: mov a, t0
	6: addi t1, a, 2
	7: mov a, t1
	8: addi t2, a, 1
	9: mov a, t2
	10: subi t3, a, 3
	11: mov a, t3
	12: addi t4, a, 2
	13: mov a, t4
	14: mov b, 2
	15: div t5, a, b
	16: return t5
end

GVT:
