void global()
	0: return null
end

int main()
	0: call t0, global()
	1: def i, 0
	2: mov i, 0
	3: def sum, 0
	4: mov sum, 0
	5: lss t0, i, 100
	6: if t0 goto [pc, 2]
	7: goto [pc, 13]
	8: def t1, 50
	9: eq t2, i, t1
	10: if t2 goto [pc, 2]
	11: goto [pc, 4]
	12: addi t3, i, 1
	13: mov i, t3
	14: goto [pc, 1]
	15: add t4, sum, i
	16: mov sum, t4
	17: addi t5, i, 1
	18: mov i, t5
	19: goto [pc, -14]
	20: return sum
end

GVT:
