1803043396
-556104562
-1161289668
-606347779
-52660845
1038780893
1897101288
-13404908
-729850062
1107578007
2129325342
975480109
626316193
-1597118909
293989691
-390455609
732184370
-1915185328

243