ok
ok
ok
ok
ok
ok
ok
0x0.000000p+0 0
0x0.000000p+0 0
0x0.000000p+0 0
0x0.000000p+0 0
0x0.000000p+0 0
0x0.000000p+0 0
0x0.000000p+0 0
0x0.000000p+0 0
0x0.000000p+0 0
10: 0x1.000000p+0 0x1.000000p+1 0x0.000000p+0 0x0.000000p+0 0x0.000000p+0 0x0.000000p+0 0x0.000000p+0 0x0.000000p+0 0x0.000000p+0 0x0.000000p+0

0