8126800 8126800 8126800 8126800 8126800 8126800 

0