959936828
-1685134671
574329934
757981803
-1465852927
993397222
1176705097
-1211476381
1951188483
-1637723225
1913813219
2059467987
1596641318
459619115
-371819852
1821054744
-1701456347
1400592550

129