ok
ok
ok
ok
ok
ok
ok
0x0.000000p+0 0
0x0.000000p+0 0
0x0.000000p+0 0
0x0.000000p+0 0
0x0.000000p+0 0
0x0.000000p+0 0
0x0.000000p+0 0
0x0.000000p+0 0
0x0.000000p+0 0
10: 0x1.000000p+0 0x1.000000p+1 0x1.e8decep+95 0x1.e0b640p+71 0x1.644058p+59 0x1.9c0000p+45 0x1.016188p-128 0x1.926000p-128 0x1.400000p-146 0x0.000000p+0

0